// Jest Snapshot v1, https://goo.gl/fbAQLP

exports[`renders DateInput component 1`] = `ShallowWrapper {}`;
